------------------------------------------------------------
Timing Analyzer Summary
------------------------------------------------------------

Type  : Slow 1200mV 85C Model Setup 'debounce4bit:bits|debounce:bit0|dff1~1'
Slack : -9.541
TNS   : -227.968

Type  : Slow 1200mV 85C Model Setup 'clk'
Slack : -2.456
TNS   : -24.838

Type  : Slow 1200mV 85C Model Hold 'debounce4bit:bits|debounce:bit0|dff1~1'
Slack : 0.212
TNS   : 0.000

Type  : Slow 1200mV 85C Model Hold 'clk'
Slack : 0.430
TNS   : 0.000

Type  : Slow 1200mV 85C Model Minimum Pulse Width 'clk'
Slack : -3.000
TNS   : -45.090

Type  : Slow 1200mV 85C Model Minimum Pulse Width 'debounce4bit:bits|debounce:bit0|dff1~1'
Slack : -0.306
TNS   : -8.095

Type  : Slow 1200mV 0C Model Setup 'debounce4bit:bits|debounce:bit0|dff1~1'
Slack : -8.569
TNS   : -211.219

Type  : Slow 1200mV 0C Model Setup 'clk'
Slack : -2.126
TNS   : -20.600

Type  : Slow 1200mV 0C Model Hold 'debounce4bit:bits|debounce:bit0|dff1~1'
Slack : 0.196
TNS   : 0.000

Type  : Slow 1200mV 0C Model Hold 'clk'
Slack : 0.395
TNS   : 0.000

Type  : Slow 1200mV 0C Model Minimum Pulse Width 'clk'
Slack : -3.000
TNS   : -45.090

Type  : Slow 1200mV 0C Model Minimum Pulse Width 'debounce4bit:bits|debounce:bit0|dff1~1'
Slack : -0.292
TNS   : -6.291

Type  : Fast 1200mV 0C Model Setup 'debounce4bit:bits|debounce:bit0|dff1~1'
Slack : -3.790
TNS   : -83.819

Type  : Fast 1200mV 0C Model Setup 'clk'
Slack : -1.038
TNS   : -7.604

Type  : Fast 1200mV 0C Model Hold 'debounce4bit:bits|debounce:bit0|dff1~1'
Slack : -0.015
TNS   : -0.015

Type  : Fast 1200mV 0C Model Hold 'clk'
Slack : 0.171
TNS   : 0.000

Type  : Fast 1200mV 0C Model Minimum Pulse Width 'clk'
Slack : -3.000
TNS   : -41.538

Type  : Fast 1200mV 0C Model Minimum Pulse Width 'debounce4bit:bits|debounce:bit0|dff1~1'
Slack : -0.024
TNS   : -0.290

------------------------------------------------------------
